../Src/main.c:65:5:main	8	static
../Src/main.c:96:6:systick_timer_initialization	32	static
../Src/main.c:116:31:init_scheduler_stack	0	static,ignoring_inline_asm
../Src/main.c:122:6:init_tasks_stack	16	static
../Src/main.c:169:6:enable_processor_faults	16	static
../Src/main.c:183:10:get_current_psp_value	4	static
../Src/main.c:188:6:save_psp_value	16	static
../Src/main.c:194:6:update_task	16	static
../Src/main.c:211:31:switch_sp_to_psp	0	static,ignoring_inline_asm
../Src/main.c:234:6:update_g_tick_count	4	static
../Src/main.c:238:6:unblock_tasks	16	static
../Src/main.c:250:6:SysTick_Handler	16	static
../Src/main.c:261:29:PendSV_Handler	0	static,ignoring_inline_asm
../Src/main.c:293:6:MemManage_Handler	8	static
../Src/main.c:299:6:BusFault_Handler	8	static
../Src/main.c:305:6:UsageFault_Handler	8	static
